	linux-vdso.so.1 (0x00007ffc38152000)
	libpthread.so.0 => /lib/x86_64-linux-gnu/libpthread.so.0 (0x00007fdc4622e000)
	libclang-cpp.so.19.1 => /tmp/bend-s4-clang19/root/usr/lib/x86_64-linux-gnu/libclang-cpp.so.19.1 (0x00007fdc41ec8000)
	libLLVM.so.19.1 => /tmp/bend-s4-clang19/root/usr/lib/x86_64-linux-gnu/libLLVM.so.19.1 (0x00007fdc3a329000)
	libstdc++.so.6 => /lib/x86_64-linux-gnu/libstdc++.so.6 (0x00007fdc3a15c000)
	libm.so.6 => /lib/x86_64-linux-gnu/libm.so.6 (0x00007fdc3a018000)
	libgcc_s.so.1 => /lib/x86_64-linux-gnu/libgcc_s.so.1 (0x00007fdc39ffe000)
	libc.so.6 => /lib/x86_64-linux-gnu/libc.so.6 (0x00007fdc39e28000)
	/lib64/ld-linux-x86-64.so.2 (0x00007fdc4627c000)
	libffi.so.7 => /lib/x86_64-linux-gnu/libffi.so.7 (0x00007fdc39e1c000)
	libedit.so.2 => /lib/x86_64-linux-gnu/libedit.so.2 (0x00007fdc39de3000)
	librt.so.1 => /lib/x86_64-linux-gnu/librt.so.1 (0x00007fdc39dd9000)
	libdl.so.2 => /lib/x86_64-linux-gnu/libdl.so.2 (0x00007fdc39dd3000)
	libz.so.1 => /lib/x86_64-linux-gnu/libz.so.1 (0x00007fdc39db4000)
	libzstd.so.1 => /lib/x86_64-linux-gnu/libzstd.so.1 (0x00007fdc39cd9000)
	libxml2.so.2 => /lib/x86_64-linux-gnu/libxml2.so.2 (0x00007fdc39b2b000)
	libtinfo.so.6 => /lib/x86_64-linux-gnu/libtinfo.so.6 (0x00007fdc39afc000)
	libbsd.so.0 => /lib/x86_64-linux-gnu/libbsd.so.0 (0x00007fdc39ae5000)
	libicuuc.so.67 => /lib/x86_64-linux-gnu/libicuuc.so.67 (0x00007fdc398fc000)
	liblzma.so.5 => /lib/x86_64-linux-gnu/liblzma.so.5 (0x00007fdc398d2000)
	libmd.so.0 => /lib/x86_64-linux-gnu/libmd.so.0 (0x00007fdc398c5000)
	libicudata.so.67 => /lib/x86_64-linux-gnu/libicudata.so.67 (0x00007fdc37dac000)
