✔ compiler ABI conversion handles deeply nested shared graphs without recursion (86.140677ms)
✔ typed adapter artifacts identify helpers beside the consumed frozen driver (3.796874ms)
✔ bootstrap never treats zero exit status as recovery from a spawn error (4.882329ms)
✔ bootstrap captures actual upstream/compiler/build tools with clean pinned identity (65.284623ms)
✔ bootstrap rejects build-tool drift before publishing a checked artifact (53.017187ms)
✔ bootstrap rejects same-byte tool symlink retargets (23.228162ms)
✔ successful git status never masks a subprocess capture error (3.410914ms)
✔ pinned corpus is exhaustive and includes every negative namespace (160.689015ms)
✔ infinite compiler probe is killed and filtered run cannot claim completeness (689.047895ms)
✔ explicit stack and heap limits reach isolated compiler workers and the report (635.510123ms)
✔ unsupported parser rejection cannot pass a checker negative (1.651719ms)
✔ unchecked adapter never receives checker credit (0.189549ms)
✔ a matching diagnostic still requires actual checker completion (0.216888ms)
✔ runtime expected errors get no type/proof checker rejection credit (0.189528ms)
✔ proper checker rejection gets separate evidence (0.190534ms)
✔ matching frontend rejection is never a checker rejection (0.173932ms)
✔ timeouts and crashes never count as successful rejection (1.263467ms)
✔ runtime exit failure cannot pass by matching stdout alone (0.29898ms)
✔ CPU fallback is not GPU conformance (0.658077ms)
✔ ordered combined runtime output preserves stderr and nonzero exit evidence (0.520948ms)
✔ upstream printability refusal with its exact explanatory suffix is exempt (0.347312ms)
✔ paired native graph requires the selected source and canonical pinned Base (244.682232ms)
✔ exact pairs do not select another fixture or lane (2.50083ms)
✔ unknown, duplicate, empty, and ineligible pairs fail closed (1.105508ms)
✔ previous failures move first without deleting requested controls (2.141992ms)
✔ an explicit acceptance oracle keeps wrong rejection phases failing (0.427961ms)
✔ external fixtures require an explicit oracle (1.658273ms)
✔ pinned fixture oracles cannot be replaced with custom acceptance (0.47396ms)
✔ reruns reject fixture ID collisions and changed custom inputs (0.876144ms)
✔ acceptance-only positive check must actually reach the check phase (0.270122ms)
✔ self-host proof records Base and actual-driver helper identities for every stage (220.979686ms)
✔ Linux self-host resource gate reads the actual process stack limit (313.856399ms)
✔ self-host rejects Base drift during a stage (98.941295ms)
✔ self-host rejects host helper drift during a stage (88.563425ms)
✔ self-host refuses legacy resume without Base/helper identity (180.918955ms)
✔ self-host refuses resume after Base or helper changes (353.804928ms)
✔ restoring a changed Base does not validate the preceding tainted stage (141.622666ms)
✔ fresh self-host attempt preserves an existing report and runtime snapshot (169.439556ms)
✔ self-host rejects same-byte source symlink retarget during a stage and on resume (275.912994ms)
✔ selected pass stays incomplete; retained failure replays and rejects input drift (1552.506662ms)
✔ artifact drift invalidates selected pass and output overflow remains a crash (1038.883257ms)
✔ whole process group deadline kills delayed grandchildren (1481.390268ms)
✔ adapter-declared inputs and expected missing assets cannot drift into a selected pass (1092.043838ms)
✔ exact replay clears ambient configuration and rejects another Node version (935.877869ms)
✔ a same-content input symlink retarget invalidates source identity (555.552038ms)
✔ CPU fallback links the foreign libraries that the emitted source uses (1.391947ms)
✔ CUDA host build embeds a separately compiled device program (1.903469ms)
✔ Metal uses Objective-C ARC while explicit CPU can avoid GPU build (0.459502ms)
✔ an explicit unavailable GPU target cannot silently fall back to CPU (0.698955ms)
✔ native subprocess errors cannot report a successful exit code (3.706354ms)
Node resource limits propagate without execution options.
✔ tests/node-resource-args.test.mjs (139.147558ms)
ℹ tests 51
ℹ suites 0
ℹ pass 51
ℹ fail 0
ℹ cancelled 0
ℹ skipped 0
ℹ todo 0
ℹ duration_ms 11322.013196
